============================= test session starts ==============================
platform darwin -- Python 3.14.2, pytest-8.4.2, pluggy-1.6.0 -- /Library/Frameworks/Python.framework/Versions/3.14/bin/python3
cachedir: .pytest_cache
rootdir: /Users/anhui/Documents/myProgram/AI4SE/tools/ai-agents
configfile: pytest.ini
plugins: anyio-4.12.1, mock-3.15.1, asyncio-1.2.0, Faker-40.1.0, langsmith-0.6.2, base-url-2.1.0, playwright-0.7.1, cov-7.0.0
asyncio: mode=Mode.STRICT, debug=False, asyncio_default_fixture_loop_scope=None, asyncio_default_test_loop_scope=function
collecting ... collected 0 items / 1 error

==================================== ERRORS ====================================
______________ ERROR collecting backend/tests/test_alex_tools.py _______________
ImportError while importing test module '/Users/anhui/Documents/myProgram/AI4SE/tools/ai-agents/backend/tests/test_alex_tools.py'.
Hint: make sure your test modules/packages have valid Python names.
Traceback:
/Library/Frameworks/Python.framework/Versions/3.14/lib/python3.14/importlib/__init__.py:88: in import_module
    return _bootstrap._gcd_import(name[level:], package, level)
           ^^^^^^^^^^^^^^^^^^^^^^^^^^^^^^^^^^^^^^^^^^^^^^^^^^^^
tools/ai-agents/backend/tests/test_alex_tools.py:3: in <module>
    from backend.agents.alex.tools import set_plan, update_stage, save_artifact
tools/ai-agents/backend/agents/alex/__init__.py:1: in <module>
    from .agent import create_alex_graph, AlexAdkRunner
tools/ai-agents/backend/agents/alex/agent.py:17: in <module>
    from .prompts import LISA_V5_2_INSTRUCTION, TOOL_USAGE_PROMPT
tools/ai-agents/backend/agents/alex/prompts/__init__.py:1: in <module>
    from .lisa_v5_2 import LISA_V5_2_INSTRUCTION, LISA_WELCOME_MESSAGE, TOOL_USAGE_PROMPT
E   ImportError: cannot import name 'TOOL_USAGE_PROMPT' from 'backend.agents.alex.prompts.lisa_v5_2' (/Users/anhui/Documents/myProgram/AI4SE/tools/ai-agents/backend/agents/alex/prompts/lisa_v5_2.py)
=============================== warnings summary ===============================
../../../../../Library/Frameworks/Python.framework/Versions/3.14/lib/python3.14/site-packages/langchain_core/_api/deprecation.py:26
  /Library/Frameworks/Python.framework/Versions/3.14/lib/python3.14/site-packages/langchain_core/_api/deprecation.py:26: UserWarning: Core Pydantic V1 functionality isn't compatible with Python 3.14 or greater.
    from pydantic.v1.fields import FieldInfo as FieldInfoV1

-- Docs: https://docs.pytest.org/en/stable/how-to/capture-warnings.html
=========================== short test summary info ============================
ERROR tools/ai-agents/backend/tests/test_alex_tools.py
!!!!!!!!!!!!!!!!!!!! Interrupted: 1 error during collection !!!!!!!!!!!!!!!!!!!!
========================= 1 warning, 1 error in 3.22s ==========================
